SSH Secure Shell 3.2.9 (Build 283)
Copyright (c) 2000-2003 SSH Communications Security Corp - http://www.ssh.com/

This copy of SSH Secure Shell is a non-commercial version.
This version does not include PKI and PKCS #11 functionality.


Welcome to Ubuntu 14.04.2 LTS (GNU/Linux 3.16.0-30-generic x86_64)

 * Documentation:  https://help.ubuntu.com/

530 packages can be updated.
0 updates are security updates.

Last login: Sun Sep 13 08:17:50 2015 from 147.163.0.200
pisano@blacklists:~$ 
pisano@blacklists:~$ 
pisano@blacklists:~$ 
pisano@blacklists:~$ 
pisano@blacklists:~$ 
pisano@blacklists:~$ history 
    1  sudo /etc/init.d/xplico start
    2  ifconfig 
    3  tcpdump -i eth1
    4  sudo tcpdump -i eth1
    5  ifconfig eth1 147.163.48.250/24
    6  sudo ifconfig eth1 147.163.48.250/24
    7  sudo apt-get install fail2ban
    8  /etc/init.d/fail2ban restart
    9  ls
   10  ifconfig 
   11  sudo ifconfig eth1 147.163.48.250/24
   12  ifconfig 
   13  tcpdump -i eth1 -c 20 -n
   14  sudo tcpdump -i eth1 -c 20 -n
   15  ifconfig eth1 0.0.0.0
   16  sudo ifconfig eth1 0.0.0.0
   17  ifconfig 
   18  history | grep ipta
   19  iptables -A INPUT -p tcp ! -s 147.163.0.200 --dport 9876 -j DROP
   20  sudo iptables -A INPUT -p tcp ! -s 147.163.0.200 --dport 9876 -j DROP
   21  vi negus1.54
   22  ls
   23  chmod 700 negus1.54 
   24  vi /etc/rc.local 
   25  pwd
   26  sudo vi /etc/rc.local 
   27  ls
   28  ifconfig 
   29  apt-get install ettercap
   30  sudo su -
   31  ifconfig 
   32  history 
   33  ifconfig 
   34  ifconfig eth2 up
   35  ifconfig eth3 up
   36  ifconfig 
   37  tcpdump -i eth1
   38  sud tcpdump -i eth1
   39  sudo su -
   40  ls
   41  rm prova.html 
   42  sudo su -
   43  ls
   44  cd /var/www/html/
   45  ls
   46  cp index.html.ORI index.html
   47  vi spam.html 
   48  pwd
   49  ls
   50  sudo su -
   51  ls
   52  sudo su -
   53  sudo su-
   54  sudo su -
   55  cd /var/www/html/
   56  sudo su -
   57  ifconfig 
   58  cd /var/www/html/
   59  ls
   60  more autofocus-ip.html 
   61  vi autofocus-ip.html 
   62  sudo su -
   63  history 
pisano@blacklists:~$ !62
sudo su -
[sudo] password for pisano: 
root@blacklists:~# 
root@blacklists:~# 
root@blacklists:~# 
root@blacklists:~# cd /var/www/html/
root@blacklists:/var/www/html# ls
a  alienvault-spam.html  autofocus-ip.html  index.html.ORI
root@blacklists:/var/www/html# 
root@blacklists:/var/www/html# 
root@blacklists:/var/www/html# 
root@blacklists:/var/www/html# 
root@blacklists:/var/www/html# rm a
root@blacklists:/var/www/html# ls
alienvault-spam.html  autofocus-ip.html  index.html.ORI
root@blacklists:/var/www/html# history 
    1  apt-get install ettercap
    2  apt-get install  ettercap-text-only 
    3  ifconfig 
    4  tcpdump -i eth1 -c 20
    5  ifconfig 
    6  tcpdump -i eth1 -c 20
    7  reboot 
    8  ifconfig 
    9  tcpdump -i eth1
   10  tcpdump -i eth1 -c 10
   11  reboot 
   12  ls
   13  poweroff 
   14  ifconfig 
   15  wget -c https://download.elasticsearch.org/elasticsearch/release/org/elasticsearch/distribution/deb/elasticsearch/2.3.0/elasticsearch-2.3.0.deb
   16  ls
   17  dpkg -i https://download.elasticsearch.org/elasticsearch/release/org/elasticsearch/distribution/deb/elasticsearch/2.3.0/elasticsearch-2.3.0.deb
   18  wget -c https://download.elasticsearch.org/elasticsearch/release/org/elasticsearch/distribution/deb/elasticsearch/2.3.0/elasticsearch-2.3.0.deb
   19  wget -c https://download.elasticsearch.org/elasticsearch/release/org/elasticsearch/distribution/deb/elasticsearch/2.3.0/elasticsearch-2.3.0.deb --no-check-certificate
   20  ls
   21  dpkg -i elasticsearch-2.3.0.deb 
   22  reboot 
   23  cd /var/www/html/
   24  ll
   25  vim /etc/apache2/apache2.conf 
   26  apt-get install vim
   27  vim /etc/apache2/apache2.conf 
   28  cd /etc/apache2/
   29  ll
   30  cd /var/www/html/
   31  ll
   32  mv index.html index.html.mod
   33  mv index.html.ORI index.html
   34  mv index.html index.html.ORI
   35  mv index.html.mod index.html
   36  mkdir autofocus-export_file
   37  cd autofocus-export_file/
   38  vim sheet001.htm
   39  cd ..
   40  ll
   41  mv /home/pisano/prova.html .
   42  ll
   43  vim prova.html 
   44  cp /home/pisano/autofocus-export.htm /var/www/html/
   45  cd /var/www/html/
   46  cp index.html index.html.ORI
   47  mv autofocus-export.htm index.html
   48  cp /home/pisano/autofocus-export.mht /var/www/html/
   49  cd /var/www/html/
   50  ls
   51  cp autofocus-export.mht index.mht
   52  cp /home/pisano/prova.htm .
   53  cp /home/pisano/prova.html .
   54  poweroff 
   55  ls
   56  cd /etc/elasticsearch/
   57  ls
   58  cd scripts/
   59  ls
   60  bin/elasticsearch -d
   61  locate elastichsearch
   62  cd
   63  ls
   64  dpkg -i elasticsearch-2.3.0.deb 
   65  ls
   66  wget -c https://download.elastic.co/elasticsearch/release/org/elasticsearch/distribution/zip/elasticsearch/2.3.5/elasticsearch-2.3.5.zip
   67  wget -c https://download.elastic.co/elasticsearch/release/org/elasticsearch/distribution/zip/elasticsearch/2.3.5/elasticsearch-2.3.5.zip --no-check-certificate
   68  ls
   69  unzip elasticsearch-2.3.5.zip 
   70  cd elasticsearch-2.3.5/
   71  ls
   72  cd elasticsearch-2.3.5/
   73  cd..
   74  ls
   75  cd bin/
   76  ls
   77  ./elasticsearch
   78  locate java
   79  cd /usr/share/java/
   80  ls
   81  locate jdk1
   82  apt-get install java
   83  apt-get install java*
   84  ls
   85  locate jdk1.
   86  locate java
   87  ls
   88  cd
   89  ls
   90  rm elasticsearch-2.3.*
   91  rm -rf elasticsearch-2.3.*
   92  ls
   93  clear
   94  ls
   95  sudo su -
   96  cp /home/pisano/Events_admin_2016-09-02.csv .
   97  cat Events_admin_2016-09-02.csv | cat alienvault | cut -d ":" -f 1
   98  cat Events_admin_2016-09-02.csv | cut -d ":" -f 1 > /var/www/html/spam.html
   99  cat Events_admin_2016-09-02.csv 
  100  vi alienvault
  101  cat alienvault | cut -d ":" -f 1 | sort | uniq > /var/www/html/spam.html
  102  more /var/www/html/spam.html
  103  vi /var/www/html/spam.html
  104  poweroff 
  105  cd /var/www/html/
  106  ls
  107  rm autofocus-export_file/
  108  rm -rf autofocus-export_file/
  109  ls
  110  rm -rf autofocus-export.mht 
  111  ls
  112  rm prova.html 
  113  more index.html
  114  rm index.html
  115  ls
  116  rm index.mht 
  117  ls
  118  more prova.htm 
  119  rm prova.htm 
  120  ls
  121  vi spam.html
  122  ls
  123  cp spam.html /home/pisano/
  124  su - pisano
  125  ls
  126  ifconfig 
  127  ifconfig eth0 147.163.1.54/24
  128  route add default gw 147.163.1.60
  129  ping 147.163.1.60
  130  ifconfig eth1 up
  131  ping 147.163.1.60
  132  poweroff 
  133  ifconfig 
  134  cd /etc/network/interfaces.d/
  135  ls
  136  cd ..
  137  ls
  138  vi interfaces
  139  /etc/init.d/networking restart
  140  ifconfig 
  141  ifconfig eth0 147.163.1.54/24
  142  ping 147.163.1.60
  143  route add default gw 147.163.1.60
  144  cp /home/pisano/alienvault.csv /var/www/html/spam.html 
  145  ls
  146  history | grep cat
  147  cp /home/pisano/alienvault.csv /var/www/html/spam.html ; cd /var/www/html/ ;
  148  cp /home/pisano/alienvault.csv /var/www/html/ ; cd /var/www/html/ ; cat alienvault | cut -d ":" -f 1 > spam.html
  149  ls
  150  cp /home/pisano/alienvault.csv /var/www/html/ ; cd /var/www/html/ ; cat alienvault.csv | cut -d ":" -f 1 > spam.html
  151  cp /home/pisano/alienvault.csv /var/www/html/ ; cd /var/www/html/ ; cat alienvault.csv | grep 147.163 | cut -d ":" -f 1 > spam.html
  152  more spam.html 
  153  > alienvault.csv 
  154  vi alienvault.csv 
  155  more spam.html 
  156  cat alienvault.csv 
  157  cat alienvault.csv  | cut -d ":" -f 1 > spam.html
  158  iptables -L -n
  159  ifconfig 
  160  cd
  161  ls
  162  iptables -L -n
  163  vi negus1.54
  164  vi /etc/hostname 
  165  vi /etc/hosts
  166  hostname
  167  chmod 700 negus1.54 
  168  ./negus1.54 
  169  ls
  170  rm Events_admin_2016-09-02.csv 
  171  vi alienvault 
  172  ls
  173  history 
  174  cat alienvault.csv  | cut -d ":" -f 1 
  175  cat alienvault  | cut -d ":" -f 1 
  176  cat alienvault  | cut -d ":" -f 1 | sort | uniq 
  177  cat alienvault  | cut -d ":" -f 1 | sort | uniq > spam.html
  178  cp spam.html /var/www/html/
  179  vi alienvault 
  180  cat alienvault  | cut -d ":" -f 1 | sort | uniq > spam.html
  181  vi alienvault 
  182  cat alienvault  | cut -d ":" -f 1 | sort | uniq > spam.html
  183  cat alienvault  | cut -d ":" -f 1 | sort | uniq > /var/www/html/spam.html
  184  cat autofocus  | cut -d ":" -f 1 | sort | uniq > /var/www/html/autofocus.html
  185  cat alienvault  | cut -d ":" -f 1 | sort | uniq > /var/www/html/alienvault-spam.html
  186  more  /var/www/html/alienvault-spam.html
  187  vi autofocus
  188  cat autofocus  | cut -d ":" -f 1 | sort | uniq > /var/www/html/autofocus-ip.html
  189  ls
  190  history 
  191  vi lanciaggiornahtml
  192  history 
  193  vi lanciaggiornahtml
  194  ls
  195  more negus1.54 
  196  vi autofocus
  197  chmod 700 lanciaggiornahtml 
  198  ./lanciaggiornahtml 
  199  cd /var/www/html/
  200  ls
  201  rm alienvault.csv 
  202  ls
  203  rm autofocus.html 
  204  rm spam.html 
  205  ls
  206  more autofocus-ip.html 
  207  vi /root/lanciaggiornahtml 
  208  ls
  209  more alienvault-spam.html 
  210  more autofocus-ip.html 
  211  vi  alienvault-spam.html 
  212  more autofocus-ip.html 
  213  vi  alienvault-spam.html 
  214  more autofocus-ip.html 
  215  more autofocus-ip.html.html 
  216  more autofocus-ip.html
  217  more alienvault-spam.html 
  218  > alienvault-spam.html 
  219  cd
  220  vi alienvault 
  221  more lanciaggiornahtml 
  222  ./lanciaggiornahtml 
  223  nl /var/www/html/alienvault-spam.html 
  224  nl /var/www/html/autofocus-ip.html 
  225  cd /var/www/html/
  226  ls
  227  cat autofocus-ip.html 
  228  cat alienvault-spam.html 
  229  grep 62.149. *
  230  ls
  231  grep 62.149. *
  232  poweroff 
  233  ifconfig 
  234  ping 147.163.1.54
  235  cd /var/www/html/
  236  vi alienvault-spam.html 
  237  cd /var/www/html/
  238  ls
  239  vi autofocus-ip.html 
  240  ls
  241  vi alienvault-spam.html 
  242  poweroff 
  243  cd /var/www/html/
  244  ls
  245  vi autofocus-ip.html 
  246  iptables -L -n
  247  cd
  248  ls
  249  cd -
  250  vi alienvault-spam.html 
  251  cd /var/www/html
  252  ls
  253  vi autofocus-ip.html 
  254  vi alienvault-spam.html 
  255  vi a
  256  cat a | sort | uniq 
  257  cat a | sort | uniq > autofocus-ip.html 
  258  vi autofocus-ip.html 
  259  vi a
  260  cat a | sort | uniq > autofocus-ip.html 
  261  cd /var/www/html/
  262  ls
  263  rm a
  264  ls
  265  history 
root@blacklists:/var/www/html# vi a
85.93.37.24
85.93.38.143
85.93.4.135
85.93.4.141
85.93.5.35
85.93.5.67
85.93.8.1
85.93.8.124
85.93.8.20
85.93.8.21
85.93.8.59
85.93.9.126
85.93.9.251
88.119.179.133
88.119.179.146
91.195.241.87
91.223.180.66
91.234.33.240
95.215.46.181
98.124.243.39
98.124.243.41
98.124.243.43
~
"a" [Nuovo] 237L, 3209C scritti                               
root@blacklists:/var/www/html# cat a | sort | uniq > autofocus-ip.html 
root@blacklists:/var/www/html# s
s: comando non trovato
root@blacklists:/var/www/html# ls
a  alienvault-spam.html  autofocus-ip.html  index.html.ORI
root@blacklists:/var/www/html# vi alienvault-spam.html 
154.47.225.34
174.139.202.188
185.44.22.15
37.186.128.122
67.216.225.1
91.192.41.98
91.192.41.99
89.248.174.110
118.163.216.107
8.0.24.0
216.69.185.3
208.109.255.3
171.49.173.184
191.80.167.202
95.60.151.9
~
~
~
~
~
~
~
~
"alienvault-spam.html" 15L, 207C scritti                      
root@blacklists:/var/www/html# cd
root@blacklists:~# ls
alienvault  autofocus  lanciaggiornahtml  negus1.54  spam.html
root@blacklists:~# more alienvault 
91.192.41.99:60705
154.47.225.34:57939
174.139.202.188:61915
91.192.41.98:35387
185.44.22.15:51420
174.139.202.188:61663
91.192.41.98:36053
174.139.202.188:61389
91.192.41.99:42830
91.192.41.98:53521
174.139.202.188:60920
91.192.41.99:33782
174.139.202.188:60643
91.192.41.98:33465
91.192.41.99:53875
174.139.202.188:60253
91.192.41.98:43622
174.139.202.188:59975
174.139.202.188:59975
174.139.202.188:59975
91.192.41.98:35193
174.139.202.188:59577
174.139.202.188:59336
91.192.41.99:58018
91.192.41.98:42927
174.139.202.188:58918
174.139.202.188:58628
91.192.41.99:55180
174.139.202.188:58323
174.139.202.188:57972
174.139.202.188:57525
174.139.202.188:57240
174.139.202.188:56902
91.192.41.98:55366
174.139.202.188:56611
91.192.41.99:46484
174.139.202.188:56202
91.192.41.99:53198
91.192.41.99:33895
91.192.41.98:58827
174.139.202.188:55740
91.192.41.98:45576
174.139.202.188:55280
174.139.202.188:54826
174.139.202.188:54374
174.139.202.188:54091
91.192.41.99:39886
174.139.202.188:53818
91.192.41.98:49409
91.192.41.99:34184
174.139.202.188:53041
91.192.41.99:37552
91.192.41.99:37552
174.139.202.188:52754
91.192.41.98:39520
174.139.202.188:52382
174.139.202.188:52062
174.139.202.188:51676
91.192.41.98:59840
174.139.202.188:51339
174.139.202.188:50903
174.139.202.188:50604
91.192.41.98:54352
91.192.41.98:51217
91.192.41.99:53149
174.139.202.188:50201
174.139.202.188:49894
174.139.202.188:49526
174.139.202.188:49308
91.192.41.99:45667
67.216.225.1:56974
174.139.202.188:65193
174.139.202.188:64910
174.139.202.188:64562
174.139.202.188:64562
174.139.202.188:64326
174.139.202.188:64028
174.139.202.188:63775
37.186.128.122:44354
37.186.128.122:44354
37.186.128.122:44354
174.139.202.188:63446
174.139.202.188:63232
174.139.202.188:62901
174.139.202.188:62664
174.139.202.188:62664
174.139.202.188:62664
174.139.202.188:62664
174.139.202.188:62340
174.139.202.188:62090
174.139.202.188:61753
174.139.202.188:61523
174.139.202.188:61176
174.139.202.188:60936
174.139.202.188:60476
174.139.202.188:60083
174.139.202.188:59889
174.139.202.188:59567
174.139.202.188:59340
174.139.202.188:59021

root@blacklists:~#        rm alienvault 
root@blacklists:~# rm autofocus 
root@blacklists:~# ls
lanciaggiornahtml  negus1.54  spam.html
root@blacklists:~# 
root@blacklists:~# 
root@blacklists:~# 
root@blacklists:~# more negus1.54 
iptables -F
iptables -X
iptables -Z
#
iptables -A INPUT -s 147.163.1.207 -j ACCEPT
#
iptables -A INPUT -s 147.163.0.0/24 -j ACCEPT
#
iptables -A INPUT -s 127.0.0.1 -j ACCEPT
iptables -A INPUT -d 127.0.0.1 -j ACCEPT
#
iptables -A INPUT -j DROP
root@blacklists:~# cp /home/pisano/negus1.
negus1.54  negus1.61  
root@blacklists:~# cp /home/pisano/negus1.
negus1.54  negus1.61  
root@blacklists:~# cp /home/pisano/negus1.61 .
root@blacklists:~# ls
lanciaggiornahtml  negus1.54  negus1.61  spam.html
root@blacklists:~# 
root@blacklists:~# 
root@blacklists:~# 
root@blacklists:~# 
root@blacklists:~# rm negus1.54 
root@blacklists:~# mv negus1.61 negus1.43
root@blacklists:~# more /etc/rc.local 
#!/bin/sh -e
#
# rc.local
#
# This script is executed at the end of each multiuser runlevel.
# Make sure that the script will "exit 0" on success or any other
# value on error.
#
# In order to enable or disable this script just change the execution
# bits.
#
# By default this script does nothing.


/home/pisano/negus1.54

exit 0
root@blacklists:~# vi /etc/rc.local 
#!/bin/sh -e
#
# rc.local
#
# This script is executed at the end of each multiuser runlevel.
# Make sure that the script will "exit 0" on success or any other
# value on error.
#
# In order to enable or disable this script just change the execution
# bits.
#
# By default this script does nothing.


/root/negus1.54

exit 0
~
~
~
~
~
~
"/etc/rc.local" 17L, 324C scritti                             
root@blacklists:~# 
root@blacklists:~# 
root@blacklists:~# ls
lanciaggiornahtml  negus1.43  spam.html
root@blacklists:~# 
root@blacklists:~# 
root@blacklists:~# 
root@blacklists:~# 
root@blacklists:~# cd /var/www/html/
root@blacklists:/var/www/html# ls
a  alienvault-spam.html  autofocus-ip.html  index.html.ORI
root@blacklists:/var/www/html# ls
a  alienvault-spam.html  autofocus-ip.html  index.html.ORI
root@blacklists:/var/www/html# vi alienvault-spam.html 
154.47.225.34
174.139.202.188
185.44.22.15
37.186.128.122
67.216.225.1
91.192.41.98
91.192.41.99
89.248.174.110
118.163.216.107
8.0.24.0
216.69.185.3
208.109.255.3
171.49.173.184
191.80.167.202
95.60.151.9
104.244.14.252
~
~
~
~
~
~
~
~
~
~
~
~
~
~
~
~
~
~
~
~
~
~
~
~
~
~
~
~
~
~
~
"alienvault-spam.html" 16L, 222C scritti                                                                                                                                               
root@blacklists:/var/www/html# 
root@blacklists:/var/www/html# 
root@blacklists:/var/www/html# etter
ettercap     etterfilter  etterlog     
root@blacklists:/var/www/html# etter
ettercap     etterfilter  etterlog     
root@blacklists:/var/www/html# ifconfig 
eth0      Link encap:Ethernet  IndirizzoHW 00:50:56:ab:43:9e  
          indirizzo inet:147.163.1.54  Bcast:147.163.1.255  Maschera:255.255.255.0
          indirizzo inet6: fe80::250:56ff:feab:439e/64 Scope:Link
          UP BROADCAST RUNNING MULTICAST  MTU:1500  Metric:1
          RX packets:225124422 errors:0 dropped:282279 overruns:0 frame:0
          TX packets:149642 errors:0 dropped:0 overruns:0 carrier:0
          collisioni:0 txqueuelen:1000 
          Byte RX:13933426723 (13.9 GB)  Byte TX:14355352 (14.3 MB)

lo        Link encap:Loopback locale  
          indirizzo inet:127.0.0.1  Maschera:255.0.0.0
          indirizzo inet6: ::1/128 Scope:Host
          UP LOOPBACK RUNNING  MTU:65536  Metric:1
          RX packets:11846 errors:0 dropped:0 overruns:0 frame:0
          TX packets:11846 errors:0 dropped:0 overruns:0 carrier:0
          collisioni:0 txqueuelen:0 
          Byte RX:948513 (948.5 KB)  Byte TX:948513 (948.5 KB)

root@blacklists:/var/www/html# 
root@blacklists:/var/www/html# 
root@blacklists:/var/www/html# 
root@blacklists:/var/www/html# 
root@blacklists:/var/www/html# ls
a  alienvault-spam.html  autofocus-ip.html  index.html.ORI
root@blacklists:/var/www/html# vi alienvault-spam.html 
213.230.203.86
213.252.116.180
216.8.179.24
216.18.228.149
216.45.58.150
216.52.115.50
216.81.64.192
216.87.173.52
216.87.186.173
216.119.143.194
216.151.164.53
216.151.221.238
216.157.140.192-216.157.140.193
216.194.70.11
216.227.215.8
216.245.192.62
216.245.193.34
217.8.253.250
217.13.199.48
217.16.10.2
217.21.184.230
217.23.5.57
217.23.6.17
217.26.70.72
217.30.180.48
217.31.49.10
217.31.81.101
217.74.66.183
217.119.57.22
217.160.115.88
217.194.6.34
217.199.187.192
218.5.79.63
218.25.203.5
218.38.243.71
218.75.155.41
219.94.194.138
219.148.34.9
219.255.13.77
220.110.138.52
220.128.152.141
221.132.37.26
222.24.94.19
222.76.215.12
222.122.20.235
222.222.204.67-222.222.204.68
223.244.255.16
"alienvault-spam.html" 1114L, 16041C scritti                                                                                                                                           
root@blacklists:/var/www/html# ls
a  alienvault-spam.html  autofocus-ip.html  index.html.ORI
root@blacklists:/var/www/html# viautofocus-ip.html 
viautofocus-ip.html: comando non trovato
root@blacklists:/var/www/html# vi autofocus-ip.html 

106.38.219.49
108.61.73.243
121.12.108.102
121.12.108.103
128.138.141.172
129.6.15.28
173.208.177.234
180.169.18.132
198.23.200.19
202.108.23.105
202.108.23.109
208.75.89.4
211.151.158.131
222.173.56.4
222.173.57.191
222.173.57.193
222.173.57.195
23.0.58.125
38.83.107.76
38.83.107.99
85.205.221.240

~
~
~
~
~
~
~
~
~
~
~
~
~
~
~
~
~
~
~
~
~
~
~
~
~
~
~
~
~
~
~
~
~
~
~
~
~
~
~
~
~
~
~
~
~
~
"autofocus-ip.html" 0L, 0C scritti
root@blacklists:/var/www/html# 
root@blacklists:/var/www/html# 
root@blacklists:/var/www/html# ls
a  alienvault-spam.html  autofocus-ip.html  index.html.ORI
root@blacklists:/var/www/html# vi autofocus-ip.html 
#non utilizzato 
~
~
~
~
~
~
~
~
~
~
~
~
~
~
~
~
~
~
~
~
~
~
~
~
~
~
~
~
~
~
~
~
~
~
~
~
~
~
~
~
~
~
~
~
~
~
"autofocus-ip.html" 1L, 16C scritti                                                                                                                                                    
root@blacklists:/var/www/html# ls
a  alienvault-spam.html  autofocus-ip.html  index.html.ORI
root@blacklists:/var/www/html# 
root@blacklists:/var/www/html# 
root@blacklists:/var/www/html# 
root@blacklists:/var/www/html# ls
a  alienvault-spam.html  autofocus-ip.html  index.html.ORI
root@blacklists:/var/www/html# more index.html.ORI 

<!DOCTYPE html PUBLIC "-//W3C//DTD XHTML 1.0 Transitional//EN" "http://www.w3.org/TR/xhtml1/DTD/xhtml1-transitional.dtd">
<html xmlns="http://www.w3.org/1999/xhtml">
  <!--
    Modified from the Debian original for Ubuntu
    Last updated: 2014-03-19
    See: https://launchpad.net/bugs/1288690
  -->
  <head>
    <meta http-equiv="Content-Type" content="text/html; charset=UTF-8" />
    <title>Apache2 Ubuntu Default Page: It works</title>
    <style type="text/css" media="screen">
  * {
    margin: 0px 0px 0px 0px;
    padding: 0px 0px 0px 0px;
  }

  body, html {
    padding: 3px 3px 3px 3px;

    background-color: #D8DBE2;

    font-family: Verdana, sans-serif;
    font-size: 11pt;
    text-align: center;
  }

  div.main_page {
    position: relative;
    display: table;

    width: 800px;

    margin-bottom: 3px;
    margin-left: auto;
    margin-right: auto;
    padding: 0px 0px 0px 0px;

    border-width: 2px;
    border-color: #212738;
    border-style: solid;

    background-color: #FFFFFF;

    text-align: center;
  }

root@blacklists:/var/www/html# ls
a  alienvault-spam.html  autofocus-ip.html  index.html.ORI
root@blacklists:/var/www/html# 
root@blacklists:/var/www/html# 
root@blacklists:/var/www/html# 
root@blacklists:/var/www/html# vi alienvault-spam.html 
154.47.225.34
174.139.202.188
185.44.22.15
37.186.128.122
67.216.225.1
91.192.41.98
91.192.41.99
89.248.174.110
118.163.216.107
8.0.24.0
216.69.185.3
208.109.255.3
171.49.173.184
191.80.167.202
95.60.151.9
104.244.14.252
4.59.56.18
5.61.39.14
5.101.152.85
5.135.43.43
5.135.115.100
5.135.115.193-5.135.115.199
5.135.115.201-5.135.115.222
5.135.127.68
5.200.7.36
5.200.55.58
5.200.55.91
5.254.98.54
23.23.85.3
23.229.153.132
23.229.160.136
23.229.170.164
23.253.130.80
31.6.71.85
31.11.33.82
31.169.73.112
31.170.160.249
31.170.163.144
31.186.102.170
31.192.210.88
31.220.3.68
36.250.3.247
37.9.169.15
37.59.68.26
37.140.192.82
37.148.207.1
37.187.149.210
37.218.254.115
37.220.26.131
37.220.26.172
37.221.162.57
37.230.116.138
37.247.99.221
38.114.196.226
41.223.53.147
42.96.151.54
46.4.100.162
46.4.120.118
46.16.240.18
46.17.101.2
46.17.102.124
46.21.169.41
46.22.138.21
46.28.6.113
46.29.49.1
46.30.42.74
46.30.45.39
46.30.212.183
46.37.11.7
46.160.125.167
46.163.117.144
46.166.146.110
46.166.147.133
46.166.178.130
46.183.221.58
46.235.47.28
46.235.47.134
46.244.13.6
46.249.3.66
46.252.206.1
46.254.17.30
46.254.17.233
46.254.18.236
50.17.189.198
50.21.187.135
50.22.86.10
50.22.112.76
50.22.112.155
50.23.98.194
50.28.1.14
50.62.31.207
50.62.235.1
50.63.56.47
50.63.137.176
50.87.18.127
50.87.72.219
50.87.146.115
50.87.151.146
50.87.153.96
50.97.234.2
52.10.128.168
54.209.159.227
54.218.45.67
54.228.191.94
54.236.134.245
54.239.172.114
54.248.126.242
58.55.127.16
58.215.169.42
58.215.240.96
59.32.213.195
61.19.251.27
61.57.227.5
61.63.123.44
61.139.126.15
61.147.75.89
61.158.145.141
61.178.85.177
62.48.33.13
62.75.152.79
62.76.43.78
62.76.47.12
62.76.189.216
62.85.27.129
62.109.24.128
62.109.24.131
62.109.24.147
62.109.24.201
62.109.29.101
62.122.75.237
62.128.158.240
62.149.12.191
62.149.128.157
62.149.140.107
62.149.142.94
62.149.142.98
62.149.144.66
62.149.195.107
62.211.68.12
62.219.67.44
62.233.121.75
63.111.67.9
63.217.31.51
63.227.18.137
63.251.171.80
64.6.105.241
64.6.241.22
64.20.45.228
64.37.52.84
64.40.123.35
64.49.219.215
64.70.19.33
64.71.35.58
64.71.131.228
64.78.28.201
64.79.83.14
64.94.37.195
64.120.193.178
64.151.226.150
64.191.16.37
64.202.115.199
64.202.123.2
64.207.96.72
64.210.100.99
64.235.52.182
64.235.60.164
64.247.176.25
64.247.183.126
64.247.191.170
65.75.138.206
65.75.149.60
65.75.179.214
65.75.185.235
65.98.23.91
65.99.225.72
66.7.213.86
66.7.214.152
66.7.214.156
66.36.163.207
66.49.201.136
66.96.130.21
66.96.146.201
66.96.195.49
66.96.214.117
66.96.223.209
66.111.47.8
66.118.146.69
66.147.244.51
66.150.164.188
66.154.48.2
66.171.200.210
66.175.212.25
66.175.218.117
66.220.17.157
66.220.17.200
66.230.143.147
66.232.116.49
66.240.144.68
67.20.108.63
67.21.76.6
67.21.76.33
67.22.142.73
67.23.129.220
67.55.67.250
67.59.130.154
67.135.105.184
67.195.145.141
67.196.85.119
67.202.87.234
67.205.89.53
67.210.126.85
67.210.126.110
67.212.91.221
67.212.178.106
67.215.248.8
67.220.217.235
67.222.109.112
67.227.152.196
67.228.85.201
67.231.249.62
68.178.254.187
69.3.109.79
69.26.171.30
69.28.199.10
69.50.192.250
69.50.195.232
69.50.202.16
69.50.208.164
69.50.209.109
69.50.210.69
69.50.213.106
69.50.221.190
69.50.221.196
69.50.249.3
69.55.49.159
69.61.18.58
69.61.106.201
69.64.50.78
69.64.63.204
69.64.63.220
69.72.158.66
69.89.5.179
69.89.18.20
69.89.19.200
69.89.20.48
69.89.21.71
69.89.21.92
69.89.22.116
69.89.22.122
69.89.31.59
69.89.31.242
69.162.82.26
69.162.86.4
69.163.145.107
69.163.200.161
69.163.242.27
69.175.121.66
69.194.192.229
69.197.135.51
70.38.12.107
70.38.113.158
70.38.124.97
70.43.40.116
70.86.83.194
70.88.182.38
71.7.3.60
71.235.85.177
72.10.169.26
72.18.206.103
72.20.53.34
72.34.42.5
72.47.194.241
72.52.170.149
72.55.186.8
72.167.131.8
72.167.131.157
72.167.149.183
72.232.219.152
74.50.25.155
74.52.179.179
74.53.86.114
74.54.41.82
74.54.143.242
74.63.76.18
74.81.73.134
74.81.93.72
74.91.152.2
74.91.220.2
74.200.91.144
74.206.224.180
74.207.227.154
74.207.242.230
74.208.21.148
74.220.207.85
74.220.207.177
74.220.219.67
75.125.56.218
75.126.217.36
76.163.253.1
77.55.57.113
77.55.70.169
77.75.105.9
77.79.19.33
77.93.211.244
77.221.149.219
77.222.40.74
77.222.40.91
77.222.131.86
77.232.66.18
77.245.61.232
78.24.220.106
78.26.187.39
78.26.187.41
78.31.65.216
78.46.205.130
78.110.62.95
78.110.82.72
78.110.162.72-78.110.162.73
78.110.162.79
78.129.250.40
78.129.255.46
78.136.20.106
78.140.15.82
78.140.142.165
78.140.142.178
78.140.142.186
78.153.215.53
78.153.216.42
79.58.246.237
79.96.42.136
79.96.162.106
79.142.65.179
79.170.44.116
79.171.34.9
80.24.67.44
80.67.28.137
80.91.176.135
80.91.176.192
80.150.6.138
80.190.144.115
80.241.217.134
80.244.187.39
80.247.79.174
80.248.228.223
80.248.228.229
80.250.114.239
81.2.194.138
81.2.195.176
81.2.200.162
81.20.97.13
81.27.85.16
81.27.105.160
81.31.145.112
81.31.147.91
81.31.147.98
81.88.48.97
81.169.145.66-81.169.145.67
81.169.145.69
81.169.145.82
81.169.145.155
81.169.145.160-81.169.145.161
81.169.145.164
81.169.219.64
81.169.251.136
81.176.232.104
81.177.139.111
81.177.139.113
81.201.217.115
82.102.5.201
82.102.6.32
82.113.193.43
82.113.204.228
82.145.57.3
82.146.40.169-82.146.40.170
82.146.42.130
82.146.45.84
82.146.45.159
82.146.47.238
82.165.116.169
82.165.204.223
82.165.213.55
82.194.66.169
82.195.224.113
82.221.129.16
83.69.226.72
83.125.22.199
83.133.122.54
83.133.125.178
83.139.194.168
83.140.109.192
83.140.249.241
83.142.47.61
83.143.18.95
83.172.140.27
83.217.26.203
83.245.63.229
84.51.21.108
84.51.21.163
84.242.167.49
85.9.27.130
85.10.140.251
85.10.205.164
85.13.132.183
85.13.135.179
85.13.136.149
85.13.138.226
85.13.236.154
85.17.73.28
85.17.137.41
85.17.155.23
85.21.235.231
85.25.176.113
85.128.187.109
85.128.248.56
85.143.166.181
85.143.215.183
85.143.219.181
85.158.181.11
85.159.233.47
85.214.133.237
85.214.157.217
85.235.130.71
85.235.154.18
86.35.15.214
86.105.227.125
87.117.220.252
87.118.88.140
87.229.77.23
87.236.199.153
87.242.126.153
87.249.106.3
87.250.250.83
88.80.10.1
88.86.113.4
88.190.22.72
88.190.253.247
88.191.20.248
88.214.193.196
88.214.242.12
89.28.13.212
89.31.145.154
89.42.216.47
89.42.216.129
89.108.66.188
89.108.67.65
89.108.67.238
89.108.91.183
89.110.129.55
89.111.176.89
89.111.177.27
89.169.174.218
89.185.228.15
89.187.50.195
89.209.91.49
89.221.240.73
89.234.64.135-89.234.64.136
89.238.188.22
89.248.111.226
89.248.176.24
90.156.201.22
90.156.212.70
91.82.226.160
91.99.102.154
91.103.216.110
91.121.34.58
91.149.157.133
91.184.35.130
91.185.202.90
91.188.59.10
91.188.59.150
91.188.60.5
91.189.80.71
91.189.81.71
91.195.110.99
91.195.254.71
91.195.254.74
91.195.254.86
91.196.124.59
91.196.216.64
91.197.128.216
91.199.120.78
91.200.240.7
91.200.240.46
91.202.244.89
91.202.244.122
91.207.6.134
91.207.182.55-91.207.182.56
91.209.163.184
91.211.117.25
91.212.226.33
91.213.174.10
91.213.174.44
91.213.174.46
91.213.217.91
91.215.216.21
91.217.162.141
91.217.162.158
91.217.162.176
91.217.162.199
91.217.162.228
91.217.162.239
91.217.249.136
91.217.249.160
91.218.229.16
91.220.62.84
91.222.136.251
91.223.82.58
91.223.223.244
91.224.161.116
91.226.33.54
92.53.118.140
92.60.177.235-92.60.177.236
92.60.177.244
92.60.177.246
92.63.104.89
92.63.104.150
92.63.104.224
92.63.106.52-92.63.106.53
92.63.106.55
92.63.106.76
92.63.106.133
93.77.231.193
93.79.189.119
93.125.99.10-93.125.99.11
93.157.100.74
93.158.93.134
93.158.95.134
93.170.123.186
93.170.128.253
93.185.104.27-93.185.104.30
93.189.40.173
93.190.43.44
93.190.140.110
93.190.140.118
93.190.140.121
93.190.140.162-93.190.140.163
94.23.38.214
94.23.62.190
94.23.79.17
94.23.169.208
94.23.236.74
94.60.32.118
94.73.146.50
94.73.148.140
:$                                                                                                                                                                                     
213.230.203.86
213.252.116.180
70.38.113.158
70.38.124.97
70.43.40.116
70.86.83.194
70.88.182.38
71.7.3.60
71.235.85.177
72.10.169.26
72.18.206.103
72.20.53.34
72.34.42.5
72.47.194.241
72.52.170.149
72.55.186.8
72.167.131.8
72.167.131.157
72.167.149.183
72.232.219.152
74.50.25.155
74.52.179.179
74.53.86.114
74.54.41.82
74.54.143.242
74.63.76.18
74.81.73.134
74.81.93.72
74.91.152.2
74.91.220.2
74.200.91.144
74.206.224.180
74.207.227.154
74.207.242.230
74.208.21.148
74.220.207.85
74.220.207.177
74.220.219.67
75.125.56.218
75.126.217.36
76.163.253.1
77.55.57.113
77.55.70.169
77.75.105.9
77.79.19.33
77.93.211.244
77.221.149.219
77.222.40.74
77.222.40.91
:1
154.47.225.34
174.139.202.188
185.44.22.15
37.186.128.122
67.216.225.1
91.192.41.98
91.192.41.99
89.248.174.110
118.163.216.107
8.0.24.0
216.69.185.3
208.109.255.3
171.49.173.184
191.80.167.202
95.60.151.9
184.105.192.2
216.218.185.162
104.244.14.252
4.59.56.18
5.61.39.14
5.101.152.85
5.135.43.43
5.135.115.100
5.135.115.193-5.135.115.199
5.135.115.201-5.135.115.222
5.135.127.68
5.200.7.36
5.200.55.58
5.200.55.91
5.254.98.54
23.23.85.3
23.229.153.132
23.229.160.136
23.229.170.164
23.253.130.80
31.6.71.85
31.11.33.82
31.169.73.112
31.170.160.249
31.170.163.144
31.186.102.170
31.192.210.88
31.220.3.68
36.250.3.247
37.9.169.15
37.59.68.26
37.140.192.82
"alienvault-spam.html" 1117L, 16072C scritti                                                                                                                                           
root@blacklists:/var/www/html# 
root@blacklists:/var/www/html# 
root@blacklists:/var/www/html# vi alienvault-spam.html 
154.47.225.34
174.139.202.188
185.44.22.15
37.186.128.122
67.216.225.1
91.192.41.98
91.192.41.99
89.248.174.110
118.163.216.107
8.0.24.0
216.69.185.3
208.109.255.3
171.49.173.184
191.80.167.202
95.60.151.9
184.105.192.2
216.218.185.162
104.244.14.252
4.59.56.18
5.61.39.14
5.101.152.85
5.135.43.43
5.135.115.100
5.135.115.193-5.135.115.199
5.135.115.201-5.135.115.222
5.135.127.68
5.200.7.36
5.200.55.58
5.200.55.91
5.254.98.54
23.23.85.3
23.229.153.132
23.229.160.136
23.229.170.164
23.253.130.80
31.6.71.85
31.11.33.82
31.169.73.112
31.170.160.249
31.170.163.144
31.186.102.170
31.192.210.88
31.220.3.68
36.250.3.247
37.9.169.15
37.59.68.26
37.140.192.82
root@blacklists:/var/www/html# vi alienvault-spam.html 
154.47.225.34
174.139.202.188
185.44.22.15
37.186.128.122
67.216.225.1
91.192.41.98
91.192.41.99
89.248.174.110
118.163.216.107
8.0.24.0
216.69.185.3
208.109.255.3
171.49.173.184
191.80.167.202
95.60.151.9
184.105.192.2
216.218.185.162
193.206.135.153
193.206.135.153
193.206.135.153
147.163.75.179
52.85.47.65
46.105.121.115
54.230.216.180
92.122.124.24
79.6.141.114
155.253.13.131
155.253.13.131
212.48.24.14
148.204.200.56
52.85.47.250
54.240.186.60
54.149.194.113
212.227.141.180
122.165.135.53
46.244.186.188
131.175.12.22
147.163.14.58
54.230.202.114
94.23.252.37
54.149.194.113
54.239.168.64
94.23.199.17
94.23.199.17
46.105.121.115
94.23.252.37
46.105.121.115
163.152.39.247
80.20.56.181
80.20.56.181
62.149.132.12
212.210.237.141
130.0.143.122
188.15.169.155
188.15.169.155
54.239.168.8
160.80.2.46
94.23.199.17
94.23.199.17
94.23.199.17
94.23.199.17
46.105.121.115
104.244.14.252
4.59.56.18
5.61.39.14
5.101.152.85
"alienvault-spam.html" 1162L, 16711C scritti                                                                                                                                           
root@blacklists:/var/www/html# vi alienvault-spam.html 

64.87.23.55
154.47.225.34
174.139.202.188
185.44.22.15
37.186.128.122
67.216.225.1
91.192.41.98
91.192.41.99
89.248.174.110
118.163.216.107
8.0.24.0
216.69.185.3
208.109.255.3
171.49.173.184
191.80.167.202
95.60.151.9
184.105.192.2
216.218.185.162
193.206.135.153
193.206.135.153
193.206.135.153
147.163.75.179
52.85.47.65
46.105.121.115
54.230.216.180
92.122.124.24
79.6.141.114
155.253.13.131
155.253.13.131
212.48.24.14
148.204.200.56
52.85.47.250
54.240.186.60
54.149.194.113
212.227.141.180
122.165.135.53
46.244.186.188
131.175.12.22
147.163.14.58
54.230.202.114
94.23.252.37
54.149.194.113
54.239.168.64
94.23.199.17
94.23.199.17
46.105.121.115
94.23.252.37
"alienvault-spam.html" 1163L, 16723C scritti                                                                                                                                           
root@blacklists:/var/www/html# ls
a  alienvault-spam.html  autofocus-ip.html  index.html.ORI
root@blacklists:/var/www/html# cat a
a                     alienvault-spam.html  autofocus-ip.html     
root@blacklists:/var/www/html# cat a
a                     alienvault-spam.html  autofocus-ip.html     
root@blacklists:/var/www/html# cat a
a                     alienvault-spam.html  autofocus-ip.html     
root@blacklists:/var/www/html# vi alienvault-spam.html 
64.87.23.55
154.47.225.34
174.139.202.188
185.44.22.15
37.186.128.122
67.216.225.1
91.192.41.98
91.192.41.99
89.248.174.110
118.163.216.107
8.0.24.0
216.69.185.3
208.109.255.3
171.49.173.184
191.80.167.202
95.60.151.9
184.105.192.2
216.218.185.162
193.206.135.153
193.206.135.153
193.206.135.153
147.163.75.179
52.85.47.65
46.105.121.115
54.230.216.180
92.122.124.24
79.6.141.114
155.253.13.131
155.253.13.131
212.48.24.14
148.204.200.56
52.85.47.250
54.240.186.60
54.149.194.113
212.227.141.180
122.165.135.53
46.244.186.188
131.175.12.22
147.163.14.58
54.230.202.114
94.23.252.37
54.149.194.113
54.239.168.64
94.23.199.17
94.23.199.17
46.105.121.115
94.23.252.37
"alienvault-spam.html" 1163L, 16723C                                                                                                                                                   1,1           Cim
